Calculating task graph as no cached configuration is available for tasks: assembleDebug

FAILURE: Build failed with an exception.

* What went wrong:
'org.gradle.api.artifacts.Dependency org.gradle.api.artifacts.dsl.DependencyHandler.module(java.lang.Object)'

* Try:
> Run with --stacktrace option to get the stack trace.
> Run with --info or --debug option to get more log output.
> Run with --scan to generate a Build Scan (Powered by Develocity).
> Get more help at https://help.gradle.org.

BUILD FAILED in 667ms
Configuration cache entry stored.
